PS C:\Users\Owner\Desktop\SAMURAI\assignment\git_challenge> cd C:\Users\Owner\Desktop\SAMURAI\assignment
PS C:\Users\Owner\Desktop\SAMURAI\assignment> mkdir git_challenge


    ディレクトリ: C:\Users\Owner\Desktop\SAMURAI\assignment


Mode                 LastWriteTime         Length Name
----                 -------------         ------ ----
d-----        2024/11/19     22:32                git_challenge


PS C:\Users\Owner\Desktop\SAMURAI\assignment> mkdir hello_world.txt


    ディレクトリ: C:\Users\Owner\Desktop\SAMURAI\assignment


Mode                 LastWriteTime         Length Name
----                 -------------         ------ ----
d-----        2024/11/19     22:33                hello_world.txt


PS C:\Users\Owner\Desktop\SAMURAI\assignment> cd C:\Users\Owner\Desktop\SAMURAI\assignment\git_challenge
PS C:\Users\Owner\Desktop\SAMURAI\assignment\git_challenge> git init
Initialized empty Git repository in C:/Users/Owner/Desktop/SAMURAI/assignment/git_challenge/.git/
PS C:\Users\Owner\Desktop\SAMURAI\assignment\git_challenge> git status
On branch main

No commits yet

Untracked files:
  (use "git add <file>..." to include in what will be committed)
        hello_world.txt

nothing added to commit but untracked files present (use "git add" to track)
PS C:\Users\Owner\Desktop\SAMURAI\assignment\git_challenge> git status
On branch main

No commits yet

Untracked files:
  (use "git add <file>..." to include in what will be committed)
        hello_world.txt

nothing added to commit but untracked files present (use "git add" to track)
PS C:\Users\Owner\Desktop\SAMURAI\assignment\git_challenge> git add hello_world.txt
PS C:\Users\Owner\Desktop\SAMURAI\assignment\git_challenge> git status
On branch main

No commits yet

Changes to be committed:
  (use "git rm --cached <file>..." to unstage)
        new file:   hello_world.txt

PS C:\Users\Owner\Desktop\SAMURAI\assignment\git_challenge> git diff --staged
diff --git a/hello_world.txt b/hello_world.txt
new file mode 100644
index 0000000..2889c67
--- /dev/null
+++ b/hello_world.txt
@@ -0,0 +1 @@
+Hello,world!
\ No newline at end of file
PS C:\Users\Owner\Desktop\SAMURAI\assignment\git_challenge> git commit -m "hello_world.txtを追加しました"
[main (root-commit) 1055f08] hello_world.txtを追加しました
 1 file changed, 1 insertion(+)
 create mode 100644 hello_world.txt
PS C:\Users\Owner\Desktop\SAMURAI\assignment\git_challenge> git status
On branch main
Changes not staged for commit:
  (use "git add <file>..." to update what will be committed)
  (use "git restore <file>..." to discard changes in working directory)
        modified:   hello_world.txt

no changes added to commit (use "git add" and/or "git commit -a")
PS C:\Users\Owner\Desktop\SAMURAI\assignment\git_challenge> git add hello_world.txt
PS C:\Users\Owner\Desktop\SAMURAI\assignment\git_challenge> git commit -m "日本語訳を追記"
[main 9e85d96] 日本語訳を追記
 1 file changed, 2 insertions(+), 1 deletion(-)
PS C:\Users\Owner\Desktop\SAMURAI\assignment\git_challenge> git log
commit 9e85d96f41a40d377182ae2fcf0236e0a7fb17c4 (HEAD -> main)
Author: rimando0827 <kasaharashojirou@gmail.com>
Date:   Tue Nov 19 22:45:58 2024 +0900

    日本語訳を追記

commit 1055f08e33ac6abf25baf483b07f02924ad510be
Author: rimando0827 <kasaharashojirou@gmail.com>
Date:   Tue Nov 19 22:41:49 2024 +0900

    hello_world.txtを追加しました

PS C:\Users\Owner\Desktop\SAMURAI\assignment\git_challenge> git log --oneline
9e85d96 (HEAD -> main) 日本語訳を追記
1055f08 hello_world.txtを追加しました
PS C:\Users\Owner\Desktop\SAMURAI\assignment\git_challenge> 